// Jest Snapshot v1, https://goo.gl/fbAQLP

exports[`Button should have a valid snapshot 1`] = `
<button
  className="btn"
  onClick={[Function]}
  type="button"
>
   More 
</button>
`;
